../Core/Src/hx711.c:26:13:HX711_DelayUs	16	static
../Core/Src/hx711.c:35:6:HX711_Init	8	static
../Core/Src/hx711.c:48:9:getHX711	24	static
../Core/Src/hx711.c:78:9:HX711_ReadAverage	56	static
../Core/Src/hx711.c:110:19:HX711_Tare	24	static
../Core/Src/hx711.c:122:19:HX711_Calibrate	24	static
../Core/Src/hx711.c:147:9:HX711_Weigh	32	static
../Core/Src/hx711.c:163:19:HX711_WeighStatus	32	static
../Core/Src/hx711.c:182:26:HX711_ReadRawNonBlocking	24	static
../Core/Src/hx711.c:222:19:HX711_WeighNonBlocking	32	static
