../Core/Src/main.c:188:5:main	8
../Core/Src/main.c:277:6:SystemClock_Config	3
../Core/Src/main.c:314:6:Clasificadores_Init	3
../Core/Src/main.c:368:6:maquina_estados	35
../Core/Src/main.c:532:13:cinta_generar_aviso_esperando_maestro	2
../Core/Src/main.c:542:26:cinta_enviar_rs485	1
../Core/Src/main.c:549:13:cinta_responder_resultado	2
../Core/Src/main.c:557:13:procesar_rs485_cinta	56
../Core/Src/main.c:789:6:enviar_estado_uart	3
../Core/Src/main.c:811:6:interpretar_comando	27
../Core/Src/main.c:936:6:Set_DutyCycle_DC_PWM	2
../Core/Src/main.c:943:6:desactivar	5
../Core/Src/main.c:967:9:Verificar_Peso_Por_Pasos	9
../Core/Src/main.c:1018:9:FIFO_Agregar	3
../Core/Src/main.c:1031:9:FIFO_Sacar	3
../Core/Src/main.c:1045:9:Obtener_Destino	4
../Core/Src/main.c:1061:6:Procesar_Clasificador	11
../Core/Src/main.c:1097:13:cinta_generar_aviso_peso	3
../Core/Src/main.c:1115:6:HAL_GPIO_EXTI_Callback	6
../Core/Src/main.c:1143:6:HAL_UART_RxCpltCallback	8
../Core/Src/main.c:1182:6:HAL_UART_ErrorCallback	4
../Core/Src/main.c:1207:6:Error_Handler	2
