../Core/Src/main.c:192:5:main	8
../Core/Src/main.c:281:6:SystemClock_Config	3
../Core/Src/main.c:318:6:Clasificadores_Init	3
../Core/Src/main.c:372:6:maquina_estados	35
../Core/Src/main.c:536:13:cinta_generar_aviso_esperando_maestro	2
../Core/Src/main.c:546:26:cinta_enviar_rs485	1
../Core/Src/main.c:553:13:cinta_responder_resultado	2
../Core/Src/main.c:561:13:procesar_rs485_cinta	56
../Core/Src/main.c:793:6:enviar_estado_uart	3
../Core/Src/main.c:815:6:interpretar_comando	27
../Core/Src/main.c:940:6:Set_DutyCycle_DC_PWM	2
../Core/Src/main.c:947:6:desactivar	5
../Core/Src/main.c:971:9:Verificar_Peso_Por_Pasos	9
../Core/Src/main.c:1022:9:FIFO_Agregar	3
../Core/Src/main.c:1035:9:FIFO_Sacar	3
../Core/Src/main.c:1049:9:Obtener_Destino	4
../Core/Src/main.c:1065:6:Procesar_Clasificador	11
../Core/Src/main.c:1101:13:cinta_generar_aviso_peso	3
../Core/Src/main.c:1119:6:HAL_GPIO_EXTI_Callback	6
../Core/Src/main.c:1147:6:HAL_UART_RxCpltCallback	8
../Core/Src/main.c:1186:6:HAL_UART_ErrorCallback	4
../Core/Src/main.c:1211:6:Error_Handler	2
