../Core/Src/main.c:193:5:main	16	static
../Core/Src/main.c:282:6:SystemClock_Config	72	static
../Core/Src/main.c:319:6:Clasificadores_Init	16	static
../Core/Src/main.c:373:6:maquina_estados	16	static
../Core/Src/main.c:537:13:cinta_generar_aviso_esperando_maestro	4	static
../Core/Src/main.c:547:26:cinta_enviar_rs485	24	static
../Core/Src/main.c:554:13:cinta_responder_resultado	24	static
../Core/Src/main.c:562:13:procesar_rs485_cinta	16	static
../Core/Src/main.c:793:6:enviar_estado_uart	40	static
../Core/Src/main.c:815:6:interpretar_comando	24	static
../Core/Src/main.c:940:6:Set_DutyCycle_DC_PWM	16	static
../Core/Src/main.c:947:6:desactivar	24	static
../Core/Src/main.c:976:9:Verificar_Peso_Por_Pasos	64	static
../Core/Src/main.c:1027:9:FIFO_Agregar	16	static
../Core/Src/main.c:1040:9:FIFO_Sacar	16	static
../Core/Src/main.c:1054:6:FIFO_Limpiar	16	static
../Core/Src/main.c:1061:9:Obtener_Destino	24	static
../Core/Src/main.c:1077:6:Procesar_Clasificador	24	static
../Core/Src/main.c:1113:13:cinta_generar_aviso_peso	24	static
../Core/Src/main.c:1131:6:HAL_GPIO_EXTI_Callback	32	static
../Core/Src/main.c:1159:6:HAL_UART_RxCpltCallback	24	static
../Core/Src/main.c:1198:6:HAL_UART_ErrorCallback	16	static
../Core/Src/main.c:1223:6:Error_Handler	16	static,ignoring_inline_asm
