../Core/Src/main.c:141:5:main	20
../Core/Src/main.c:278:6:SystemClock_Config	3
../Core/Src/main.c:315:13:PC_Enviar	2
../Core/Src/main.c:325:16:PC_Parsear_UInt16	8
../Core/Src/main.c:358:13:Maestro_Entrar_Alarma	3
../Core/Src/main.c:383:13:Maestro_Procesar_Parada_Sistema	9
../Core/Src/main.c:445:13:Maestro_Enviar_Trama	11
../Core/Src/main.c:496:13:PC_Procesar_Comando	79
../Core/Src/main.c:874:13:Maestro_Confirmar_Evento_Cinta	4
../Core/Src/main.c:891:13:Maestro_Procesar_Inicio_Dosif_Automatico	6
../Core/Src/main.c:934:13:Maestro_Confirmar_Evento_Tanque	4
../Core/Src/main.c:950:13:Maestro_Procesar_Continuacion_Cinta_Automatica	6
../Core/Src/main.c:995:13:Maestro_Confirmar_Evento_Peso_Cinta	4
../Core/Src/main.c:1011:13:Maestro_Procesar_Polling	19
../Core/Src/main.c:1134:13:Maestro_Procesar_RS485	73
../Core/Src/main.c:1439:20:Maestro_Nombre_Comando	11
../Core/Src/main.c:1479:20:Maestro_Descripcion_Error	12
../Core/Src/main.c:1521:20:Maestro_Nombre_Alarma_Tanque	5
../Core/Src/main.c:1542:20:Maestro_Nombre_Estado_Dosificador	5
../Core/Src/main.c:1563:20:Maestro_Nombre_Presencia_Botella	3
../Core/Src/main.c:1578:20:Maestro_Nombre_Estado_Cinta	5
../Core/Src/main.c:1599:20:Maestro_Nombre_Subestado_Cinta	8
../Core/Src/main.c:1629:6:HAL_UART_RxCpltCallback	8
../Core/Src/main.c:1670:6:HAL_UART_ErrorCallback	3
../Core/Src/main.c:1696:6:Error_Handler	1
