../Core/Src/main.c:139:5:main	16	static
../Core/Src/main.c:272:6:SystemClock_Config	72	static
../Core/Src/main.c:309:13:PC_Enviar	16	static
../Core/Src/main.c:319:16:PC_Parsear_UInt16	24	static
../Core/Src/main.c:352:13:Maestro_Entrar_Alarma	16	static
../Core/Src/main.c:377:13:Maestro_Procesar_Parada_Sistema	8	static
../Core/Src/main.c:439:13:Maestro_Enviar_Trama	32	static
../Core/Src/main.c:490:13:PC_Procesar_Comando	32	static
../Core/Src/main.c:868:13:Maestro_Confirmar_Evento_Cinta	8	static
../Core/Src/main.c:885:13:Maestro_Procesar_Inicio_Dosif_Automatico	16	static
../Core/Src/main.c:928:13:Maestro_Confirmar_Evento_Tanque	8	static
../Core/Src/main.c:944:13:Maestro_Procesar_Continuacion_Cinta_Automatica	16	static
../Core/Src/main.c:989:13:Maestro_Confirmar_Evento_Peso_Cinta	8	static
../Core/Src/main.c:1005:13:Maestro_Procesar_Polling	16	static
../Core/Src/main.c:1126:13:Maestro_Procesar_RS485	48	static
../Core/Src/main.c:1427:20:Maestro_Nombre_Comando	16	static
../Core/Src/main.c:1467:20:Maestro_Descripcion_Error	16	static
../Core/Src/main.c:1509:20:Maestro_Nombre_Alarma_Tanque	16	static
../Core/Src/main.c:1530:20:Maestro_Nombre_Estado_Dosificador	16	static
../Core/Src/main.c:1551:20:Maestro_Nombre_Presencia_Botella	16	static
../Core/Src/main.c:1566:20:Maestro_Nombre_Estado_Cinta	16	static
../Core/Src/main.c:1587:20:Maestro_Nombre_Subestado_Cinta	16	static
../Core/Src/main.c:1617:6:HAL_UART_RxCpltCallback	24	static
../Core/Src/main.c:1658:6:HAL_UART_ErrorCallback	24	static
../Core/Src/main.c:1684:6:Error_Handler	4	static,ignoring_inline_asm
