../Core/Src/main.c:139:5:main	16	static
../Core/Src/main.c:272:6:SystemClock_Config	72	static
../Core/Src/main.c:309:13:PC_Enviar	16	static
../Core/Src/main.c:319:16:PC_Parsear_UInt16	24	static
../Core/Src/main.c:352:13:Maestro_Entrar_Alarma	16	static
../Core/Src/main.c:377:13:Maestro_Procesar_Parada_Alarma	8	static
../Core/Src/main.c:440:13:Maestro_Enviar_Trama	32	static
../Core/Src/main.c:491:13:PC_Procesar_Comando	32	static
../Core/Src/main.c:866:13:Maestro_Confirmar_Evento_Cinta	8	static
../Core/Src/main.c:883:13:Maestro_Procesar_Inicio_Dosif_Automatico	16	static
../Core/Src/main.c:926:13:Maestro_Confirmar_Evento_Tanque	8	static
../Core/Src/main.c:942:13:Maestro_Procesar_Continuacion_Cinta_Automatica	16	static
../Core/Src/main.c:987:13:Maestro_Confirmar_Evento_Peso_Cinta	8	static
../Core/Src/main.c:1003:13:Maestro_Procesar_Polling	16	static
../Core/Src/main.c:1119:13:Maestro_Procesar_RS485	48	static
../Core/Src/main.c:1420:20:Maestro_Nombre_Comando	16	static
../Core/Src/main.c:1460:20:Maestro_Descripcion_Error	16	static
../Core/Src/main.c:1502:20:Maestro_Nombre_Alarma_Tanque	16	static
../Core/Src/main.c:1523:20:Maestro_Nombre_Estado_Dosificador	16	static
../Core/Src/main.c:1544:20:Maestro_Nombre_Presencia_Botella	16	static
../Core/Src/main.c:1559:20:Maestro_Nombre_Estado_Cinta	16	static
../Core/Src/main.c:1580:20:Maestro_Nombre_Subestado_Cinta	16	static
../Core/Src/main.c:1610:6:HAL_UART_RxCpltCallback	24	static
../Core/Src/main.c:1651:6:HAL_UART_ErrorCallback	24	static
../Core/Src/main.c:1677:6:Error_Handler	4	static,ignoring_inline_asm
