../Core/Src/main.c:139:5:main	16	static
../Core/Src/main.c:273:6:SystemClock_Config	72	static
../Core/Src/main.c:310:13:PC_Enviar	16	static
../Core/Src/main.c:320:16:PC_Parsear_UInt16	24	static
../Core/Src/main.c:353:13:Maestro_Entrar_Alarma	16	static
../Core/Src/main.c:378:13:Maestro_Procesar_Parada_Sistema	8	static
../Core/Src/main.c:440:13:Maestro_Enviar_Trama	32	static
../Core/Src/main.c:491:13:PC_Procesar_Comando	32	static
../Core/Src/main.c:869:13:Maestro_Confirmar_Evento_Cinta	8	static
../Core/Src/main.c:886:13:Maestro_Procesar_Inicio_Dosif_Automatico	16	static
../Core/Src/main.c:929:13:Maestro_Confirmar_Evento_Tanque	8	static
../Core/Src/main.c:945:13:Maestro_Procesar_Continuacion_Cinta_Automatica	16	static
../Core/Src/main.c:990:13:Maestro_Confirmar_Evento_Peso_Cinta	8	static
../Core/Src/main.c:1006:13:Maestro_Procesar_Polling	16	static
../Core/Src/main.c:1127:13:Maestro_Procesar_RS485	48	static
../Core/Src/main.c:1428:20:Maestro_Nombre_Comando	16	static
../Core/Src/main.c:1468:20:Maestro_Descripcion_Error	16	static
../Core/Src/main.c:1510:20:Maestro_Nombre_Alarma_Tanque	16	static
../Core/Src/main.c:1531:20:Maestro_Nombre_Estado_Dosificador	16	static
../Core/Src/main.c:1552:20:Maestro_Nombre_Presencia_Botella	16	static
../Core/Src/main.c:1567:20:Maestro_Nombre_Estado_Cinta	16	static
../Core/Src/main.c:1588:20:Maestro_Nombre_Subestado_Cinta	16	static
../Core/Src/main.c:1618:6:HAL_UART_RxCpltCallback	24	static
../Core/Src/main.c:1659:6:HAL_UART_ErrorCallback	24	static
../Core/Src/main.c:1685:6:Error_Handler	4	static,ignoring_inline_asm
