../Core/Src/main.c:143:5:main	8	static
../Core/Src/main.c:249:6:SystemClock_Config	72	static
../Core/Src/main.c:286:13:PC_Enviar	16	static
../Core/Src/main.c:296:16:PC_Parsear_UInt16	24	static
../Core/Src/main.c:329:13:Maestro_Entrar_Alarma	16	static
../Core/Src/main.c:354:13:Maestro_Procesar_Parada_Sistema	8	static
../Core/Src/main.c:416:13:Maestro_Enviar_Trama	32	static
../Core/Src/main.c:467:13:PC_Procesar_Comando	32	static
../Core/Src/main.c:845:13:Maestro_Confirmar_Evento_Cinta	8	static
../Core/Src/main.c:862:13:Maestro_Procesar_Inicio_Dosif_Automatico	16	static
../Core/Src/main.c:905:13:Maestro_Confirmar_Evento_Tanque	8	static
../Core/Src/main.c:921:13:Maestro_Procesar_Continuacion_Cinta_Automatica	16	static
../Core/Src/main.c:966:13:Maestro_Confirmar_Evento_Peso_Cinta	8	static
../Core/Src/main.c:982:13:Maestro_Procesar_Polling	16	static
../Core/Src/main.c:1102:13:Maestro_Procesar_RS485	48	static
../Core/Src/main.c:1301:16:Maestro_Procesar_ACK_NACK	32	static
../Core/Src/main.c:1402:13:Maestro_Procesar_Timeout	8	static
../Core/Src/main.c:1453:20:Maestro_Nombre_Comando	16	static
../Core/Src/main.c:1493:20:Maestro_Descripcion_Error	16	static
../Core/Src/main.c:1535:20:Maestro_Nombre_Alarma_Tanque	16	static
../Core/Src/main.c:1556:20:Maestro_Nombre_Estado_Dosificador	16	static
../Core/Src/main.c:1577:20:Maestro_Nombre_Presencia_Botella	16	static
../Core/Src/main.c:1592:20:Maestro_Nombre_Estado_Cinta	16	static
../Core/Src/main.c:1613:20:Maestro_Nombre_Subestado_Cinta	16	static
../Core/Src/main.c:1643:6:HAL_UART_RxCpltCallback	24	static
../Core/Src/main.c:1684:6:HAL_UART_ErrorCallback	24	static
../Core/Src/main.c:1710:6:Error_Handler	4	static,ignoring_inline_asm
