../Core/Src/main.c:142:5:main	8	static
../Core/Src/main.c:248:6:SystemClock_Config	72	static
../Core/Src/main.c:285:13:PC_Enviar	16	static
../Core/Src/main.c:295:16:PC_Parsear_UInt16	24	static
../Core/Src/main.c:328:13:Maestro_Entrar_Alarma	16	static
../Core/Src/main.c:353:13:Maestro_Procesar_Parada_Sistema	8	static
../Core/Src/main.c:415:13:Maestro_Enviar_Trama	32	static
../Core/Src/main.c:466:13:PC_Procesar_Comando	32	static
../Core/Src/main.c:757:13:Maestro_Confirmar_Evento_Cinta	8	static
../Core/Src/main.c:774:13:Maestro_Procesar_Inicio_Dosif_Automatico	16	static
../Core/Src/main.c:817:13:Maestro_Confirmar_Evento_Tanque	8	static
../Core/Src/main.c:833:13:Maestro_Procesar_Continuacion_Cinta_Automatica	16	static
../Core/Src/main.c:878:13:Maestro_Confirmar_Evento_Peso_Cinta	8	static
../Core/Src/main.c:894:13:Maestro_Procesar_Polling	16	static
../Core/Src/main.c:1014:13:Maestro_Procesar_RS485	48	static
../Core/Src/main.c:1242:16:Maestro_Procesar_ACK_NACK	32	static
../Core/Src/main.c:1362:13:Maestro_Procesar_Timeout	8	static
../Core/Src/main.c:1424:20:Maestro_Nombre_Comando	16	static
../Core/Src/main.c:1464:20:Maestro_Descripcion_Error	16	static
../Core/Src/main.c:1506:20:Maestro_Nombre_Alarma_Tanque	16	static
../Core/Src/main.c:1527:20:Maestro_Nombre_Estado_Dosificador	16	static
../Core/Src/main.c:1548:20:Maestro_Nombre_Presencia_Botella	16	static
../Core/Src/main.c:1563:20:Maestro_Nombre_Estado_Cinta	16	static
../Core/Src/main.c:1584:20:Maestro_Nombre_Subestado_Cinta	16	static
../Core/Src/main.c:1614:6:HAL_UART_RxCpltCallback	24	static
../Core/Src/main.c:1655:6:HAL_UART_ErrorCallback	24	static
../Core/Src/main.c:1681:6:Error_Handler	4	static,ignoring_inline_asm
