../Core/Src/main.c:120:13:Maestro_Confirmar_Evento_Peso_Cinta	8	static
../Core/Src/main.c:154:5:main	16	static
../Core/Src/main.c:290:6:SystemClock_Config	72	static
../Core/Src/main.c:327:13:PC_Enviar	16	static
../Core/Src/main.c:337:16:PC_Parsear_UInt16	24	static
../Core/Src/main.c:370:13:Maestro_Supervisar_Sistema	16	static
../Core/Src/main.c:434:13:Maestro_Entrar_Alarma	16	static
../Core/Src/main.c:459:13:Maestro_Procesar_Parada_Alarma	8	static
../Core/Src/main.c:527:13:Maestro_Enviar_Trama	32	static
../Core/Src/main.c:576:13:PC_Procesar_Comando	32	static
../Core/Src/main.c:951:13:Maestro_Confirmar_Evento_Cinta	8	static
../Core/Src/main.c:969:13:Maestro_Confirmar_Evento_Tanque	8	static
../Core/Src/main.c:985:13:Maestro_Procesar_Inicio_Dosif_Automatico	16	static
../Core/Src/main.c:1027:13:Maestro_Procesar_Continuacion_Cinta_Automatica	16	static
../Core/Src/main.c:1071:13:Maestro_Procesar_Polling	16	static
../Core/Src/main.c:1140:13:Maestro_Procesar_RS485	48	static
../Core/Src/main.c:1437:20:Maestro_Nombre_Comando	16	static
../Core/Src/main.c:1477:20:Maestro_Descripcion_Error	16	static
../Core/Src/main.c:1519:20:Maestro_Nombre_Alarma_Tanque	16	static
../Core/Src/main.c:1540:20:Maestro_Nombre_Estado_Dosificador	16	static
../Core/Src/main.c:1561:20:Maestro_Nombre_Presencia_Botella	16	static
../Core/Src/main.c:1576:20:Maestro_Nombre_Estado_Cinta	16	static
../Core/Src/main.c:1597:20:Maestro_Nombre_Subestado_Cinta	16	static
../Core/Src/main.c:1627:6:HAL_UART_RxCpltCallback	24	static
../Core/Src/main.c:1668:6:HAL_UART_ErrorCallback	24	static
../Core/Src/main.c:1694:6:Error_Handler	4	static,ignoring_inline_asm
