../Core/Src/main.c:120:13:Maestro_Confirmar_Evento_Peso_Cinta	8	static
../Core/Src/main.c:154:5:main	16	static
../Core/Src/main.c:291:6:SystemClock_Config	72	static
../Core/Src/main.c:328:13:PC_Enviar	16	static
../Core/Src/main.c:338:16:PC_Parsear_UInt16	24	static
../Core/Src/main.c:371:13:Maestro_Supervisar_Sistema	16	static
../Core/Src/main.c:435:13:Maestro_Entrar_Alarma	16	static
../Core/Src/main.c:460:13:Maestro_Procesar_Parada_Alarma	8	static
../Core/Src/main.c:528:13:Maestro_Enviar_Trama	32	static
../Core/Src/main.c:577:13:PC_Procesar_Comando	32	static
../Core/Src/main.c:952:13:Maestro_Confirmar_Evento_Cinta	8	static
../Core/Src/main.c:970:13:Maestro_Confirmar_Evento_Tanque	8	static
../Core/Src/main.c:986:13:Maestro_Procesar_Inicio_Dosif_Automatico	16	static
../Core/Src/main.c:1028:13:Maestro_Procesar_Continuacion_Cinta_Automatica	16	static
../Core/Src/main.c:1072:13:Maestro_Procesar_Polling	16	static
../Core/Src/main.c:1141:13:Maestro_Procesar_RS485	48	static
../Core/Src/main.c:1438:20:Maestro_Nombre_Comando	16	static
../Core/Src/main.c:1478:20:Maestro_Descripcion_Error	16	static
../Core/Src/main.c:1520:20:Maestro_Nombre_Alarma_Tanque	16	static
../Core/Src/main.c:1541:20:Maestro_Nombre_Estado_Dosificador	16	static
../Core/Src/main.c:1562:20:Maestro_Nombre_Presencia_Botella	16	static
../Core/Src/main.c:1577:20:Maestro_Nombre_Estado_Cinta	16	static
../Core/Src/main.c:1598:20:Maestro_Nombre_Subestado_Cinta	16	static
../Core/Src/main.c:1628:6:HAL_UART_RxCpltCallback	24	static
../Core/Src/main.c:1669:6:HAL_UART_ErrorCallback	24	static
../Core/Src/main.c:1695:6:Error_Handler	4	static,ignoring_inline_asm
