../Core/Src/main.c:165:5:main	8
../Core/Src/main.c:277:6:SystemClock_Config	3
../Core/Src/main.c:315:26:tanque_enviar_rs485	1
../Core/Src/main.c:323:13:tanque_generar_evento_llenado	2
../Core/Src/main.c:335:13:procesar_rs485_tanque	40
../Core/Src/main.c:519:13:uart_enviar_texto	2
../Core/Src/main.c:529:13:uart_enviar_respuesta_valor	3
../Core/Src/main.c:541:16:parsear_uint32	8
../Core/Src/main.c:575:16:Hay_Botella	1
../Core/Src/main.c:580:13:iniciar_dosificacion	9
../Core/Src/main.c:636:13:abortar_dosificacion	1
../Core/Src/main.c:654:13:resetear_alarma_tanque	1
../Core/Src/main.c:666:13:maquina_estados_dosificador	11
../Core/Src/main.c:747:13:maquina_estados_tanque	17
../Core/Src/main.c:847:13:detener_bomba_tanque	1
../Core/Src/main.c:857:13:detener_bomba_dosificador	1
../Core/Src/main.c:865:13:disparar_alarma	1
../Core/Src/main.c:879:6:HAL_GPIO_EXTI_Callback	3
../Core/Src/main.c:887:13:interpretar_comando	18
../Core/Src/main.c:983:17:HCSR04_Get_Distance_Filtered	5
../Core/Src/main.c:1013:6:HAL_UART_RxCpltCallback	10
../Core/Src/main.c:1052:6:HAL_UART_ErrorCallback	3
../Core/Src/main.c:1081:6:Error_Handler	2
