../Core/Src/main.c:165:5:main	8
../Core/Src/main.c:277:6:SystemClock_Config	3
../Core/Src/main.c:315:26:tanque_enviar_rs485	1
../Core/Src/main.c:323:13:tanque_generar_evento_llenado	2
../Core/Src/main.c:335:13:procesar_rs485_tanque	40
../Core/Src/main.c:512:13:uart_enviar_texto	2
../Core/Src/main.c:522:13:uart_enviar_respuesta_valor	3
../Core/Src/main.c:534:16:parsear_uint32	8
../Core/Src/main.c:568:16:Hay_Botella	1
../Core/Src/main.c:574:13:iniciar_dosificacion	9
../Core/Src/main.c:623:13:abortar_dosificacion	1
../Core/Src/main.c:633:13:resetear_alarma_tanque	1
../Core/Src/main.c:645:13:maquina_estados_dosificador	11
../Core/Src/main.c:727:13:maquina_estados_tanque	17
../Core/Src/main.c:827:13:detener_bomba_tanque	1
../Core/Src/main.c:837:13:detener_bomba_dosificador	1
../Core/Src/main.c:845:13:disparar_alarma	1
../Core/Src/main.c:859:6:HAL_GPIO_EXTI_Callback	3
../Core/Src/main.c:867:13:interpretar_comando	18
../Core/Src/main.c:963:17:HCSR04_Get_Distance_Filtered	5
../Core/Src/main.c:993:6:HAL_UART_RxCpltCallback	10
../Core/Src/main.c:1032:6:HAL_UART_ErrorCallback	3
../Core/Src/main.c:1061:6:Error_Handler	2
