../Core/Src/main.c:165:5:main	48	static
../Core/Src/main.c:277:6:SystemClock_Config	72	static
../Core/Src/main.c:315:26:tanque_enviar_rs485	24	static
../Core/Src/main.c:323:13:tanque_generar_evento_llenado	4	static
../Core/Src/main.c:335:13:procesar_rs485_tanque	24	static
../Core/Src/main.c:512:13:uart_enviar_texto	16	static
../Core/Src/main.c:522:13:uart_enviar_respuesta_valor	40	static
../Core/Src/main.c:534:16:parsear_uint32	24	static
../Core/Src/main.c:568:16:Hay_Botella	8	static
../Core/Src/main.c:574:13:iniciar_dosificacion	8	static
../Core/Src/main.c:631:13:abortar_dosificacion	8	static
../Core/Src/main.c:649:13:resetear_alarma_tanque	8	static
../Core/Src/main.c:661:13:maquina_estados_dosificador	16	static
../Core/Src/main.c:743:13:maquina_estados_tanque	16	static
../Core/Src/main.c:843:13:detener_bomba_tanque	8	static
../Core/Src/main.c:853:13:detener_bomba_dosificador	8	static
../Core/Src/main.c:861:13:disparar_alarma	16	static
../Core/Src/main.c:875:6:HAL_GPIO_EXTI_Callback	16	static
../Core/Src/main.c:883:13:interpretar_comando	16	static
../Core/Src/main.c:979:17:HCSR04_Get_Distance_Filtered	16	static
../Core/Src/main.c:1009:6:HAL_UART_RxCpltCallback	24	static
../Core/Src/main.c:1048:6:HAL_UART_ErrorCallback	24	static
../Core/Src/main.c:1077:6:Error_Handler	16	static,ignoring_inline_asm
