../Core/Src/main.c:165:5:main	48	static
../Core/Src/main.c:277:6:SystemClock_Config	72	static
../Core/Src/main.c:315:26:tanque_enviar_rs485	24	static
../Core/Src/main.c:323:13:tanque_generar_evento_llenado	4	static
../Core/Src/main.c:335:13:procesar_rs485_tanque	24	static
../Core/Src/main.c:519:13:uart_enviar_texto	16	static
../Core/Src/main.c:529:13:uart_enviar_respuesta_valor	40	static
../Core/Src/main.c:541:16:parsear_uint32	24	static
../Core/Src/main.c:575:16:Hay_Botella	8	static
../Core/Src/main.c:580:13:iniciar_dosificacion	8	static
../Core/Src/main.c:636:13:abortar_dosificacion	8	static
../Core/Src/main.c:654:13:resetear_alarma_tanque	8	static
../Core/Src/main.c:666:13:maquina_estados_dosificador	16	static
../Core/Src/main.c:747:13:maquina_estados_tanque	16	static
../Core/Src/main.c:847:13:detener_bomba_tanque	8	static
../Core/Src/main.c:857:13:detener_bomba_dosificador	8	static
../Core/Src/main.c:865:13:disparar_alarma	16	static
../Core/Src/main.c:879:6:HAL_GPIO_EXTI_Callback	16	static
../Core/Src/main.c:887:13:interpretar_comando	16	static
../Core/Src/main.c:983:17:HCSR04_Get_Distance_Filtered	16	static
../Core/Src/main.c:1013:6:HAL_UART_RxCpltCallback	24	static
../Core/Src/main.c:1052:6:HAL_UART_ErrorCallback	24	static
../Core/Src/main.c:1081:6:Error_Handler	16	static,ignoring_inline_asm
