../Core/Src/main.c:166:5:main	48	static
../Core/Src/main.c:278:6:SystemClock_Config	72	static
../Core/Src/main.c:315:26:tanque_enviar_rs485	24	static
../Core/Src/main.c:323:13:tanque_responder_resultado	24	static
../Core/Src/main.c:332:13:tanque_generar_evento_llenado	4	static
../Core/Src/main.c:344:13:procesar_rs485_tanque	24	static
../Core/Src/main.c:528:13:uart_enviar_texto	16	static
../Core/Src/main.c:538:13:uart_enviar_respuesta_valor	40	static
../Core/Src/main.c:550:16:parsear_uint32	24	static
../Core/Src/main.c:584:16:Hay_Botella	8	static
../Core/Src/main.c:589:13:iniciar_dosificacion	8	static
../Core/Src/main.c:645:13:abortar_dosificacion	8	static
../Core/Src/main.c:663:13:resetear_alarma_tanque	8	static
../Core/Src/main.c:674:13:maquina_estados_dosificador	16	static
../Core/Src/main.c:755:13:maquina_estados_tanque	16	static
../Core/Src/main.c:855:13:detener_bomba_tanque	8	static
../Core/Src/main.c:865:13:detener_bomba_dosificador	8	static
../Core/Src/main.c:873:13:disparar_alarma	16	static
../Core/Src/main.c:887:6:HAL_GPIO_EXTI_Callback	16	static
../Core/Src/main.c:895:13:interpretar_comando	16	static
../Core/Src/main.c:991:17:HCSR04_Get_Distance_Filtered	16	static
../Core/Src/main.c:1021:6:HAL_UART_RxCpltCallback	24	static
../Core/Src/main.c:1060:6:HAL_UART_ErrorCallback	24	static
../Core/Src/main.c:1089:6:Error_Handler	16	static,ignoring_inline_asm
