../Core/Src/main.c:165:5:main	56	static
../Core/Src/main.c:285:6:SystemClock_Config	72	static
../Core/Src/main.c:322:26:tanque_enviar_rs485	24	static
../Core/Src/main.c:330:13:tanque_responder_resultado	24	static
../Core/Src/main.c:339:13:tanque_generar_evento_llenado	4	static
../Core/Src/main.c:351:13:procesar_rs485_tanque	24	static
../Core/Src/main.c:535:13:uart_enviar_texto	16	static
../Core/Src/main.c:545:13:uart_enviar_respuesta_valor	40	static
../Core/Src/main.c:557:16:parsear_uint32	24	static
../Core/Src/main.c:591:16:Hay_Botella	8	static
../Core/Src/main.c:596:13:iniciar_dosificacion	8	static
../Core/Src/main.c:652:13:abortar_dosificacion	8	static
../Core/Src/main.c:670:13:resetear_alarma_tanque	8	static
../Core/Src/main.c:681:13:maquina_estados_dosificador	16	static
../Core/Src/main.c:762:13:maquina_estados_tanque	16	static
../Core/Src/main.c:860:13:detener_bomba_tanque	8	static
../Core/Src/main.c:870:13:detener_bomba_dosificador	8	static
../Core/Src/main.c:878:13:disparar_alarma	16	static
../Core/Src/main.c:892:6:HAL_GPIO_EXTI_Callback	16	static
../Core/Src/main.c:900:13:interpretar_comando	16	static
../Core/Src/main.c:996:17:HCSR04_Get_Distance_Filtered	16	static
../Core/Src/main.c:1025:6:HAL_UART_RxCpltCallback	24	static
../Core/Src/main.c:1064:6:HAL_UART_ErrorCallback	24	static
../Core/Src/main.c:1093:6:Error_Handler	16	static,ignoring_inline_asm
